{"build_url": "https://buildkite.com/plaidml/ci/builds/229#c2fede02-e8ef-409c-ba9e-1110eb36343c", "compare": true, "efficiency": 2.0833004449648147, "errors": ["Missing reference duration"], "failures": [], "ratio": null, "reason": "ERROR: Missing reference duration", "status": "ERROR", "compile_duration": 4.602490186691284, "cur.execution_duration": 0.01931640924885869, "ref.execution_duration": null}