{"build_url": "https://buildkite.com/plaidml/ci/builds/229#dcc6be24-62fb-4dfd-ad21-6dcd1d8e9a66", "compare": true, "efficiency": null, "errors": [], "failures": ["Compiler encountered an internal error"], "ratio": null, "reason": "FAIL: Compiler encountered an internal error", "status": "FAIL", "compile_duration": null, "cur.execution_duration": null, "ref.execution_duration": null}