{"exception": "Compiler encountered an internal error"}