{"build_url": "https://buildkite.com/plaidml/ci/builds/229#4f3937fc-ea53-4523-bb43-94e7e2a51bf4", "compare": true, "efficiency": 2.319142715361552, "errors": ["Missing reference duration"], "failures": ["Correctness failure: 14.030435562133789, max_abs_error: 0.5350818634033203, fail rate: 0.881"], "ratio": null, "reason": "ERROR: Missing reference duration\nFAIL: Correctness failure: 14.030435562133789, max_abs_error: 0.5350818634033203, fail rate: 0.881", "status": "ERROR", "compile_duration": 3.529020071029663, "cur.execution_duration": 0.009640643605962396, "ref.execution_duration": null}