{"build_url": "https://buildkite.com/plaidml/ci/builds/229#9eb67da1-d7ba-4224-a6b7-c87a19408cb6", "compare": true, "efficiency": 2.771623401257403, "errors": ["Missing reference duration"], "failures": [], "ratio": null, "reason": "ERROR: Missing reference duration", "status": "ERROR", "compile_duration": 10.9440279006958, "cur.execution_duration": 0.025237808469682932, "ref.execution_duration": null}