{"build_url": "https://buildkite.com/plaidml/ci/builds/229#f8b60257-2ec7-4266-86a2-dae08d673f3a", "compare": true, "efficiency": 2.749613794724612, "errors": ["Missing reference duration"], "failures": [], "ratio": null, "reason": "ERROR: Missing reference duration", "status": "ERROR", "compile_duration": 4.564327955245972, "cur.execution_duration": 0.008131334092468023, "ref.execution_duration": null}