{"build_url": "https://buildkite.com/plaidml/ci/builds/229#c412a261-33b1-4d99-99a7-2f0fdc169ca4", "compare": true, "efficiency": 1.694684486638284, "errors": ["Missing reference duration"], "failures": [], "ratio": null, "reason": "ERROR: Missing reference duration", "status": "ERROR", "compile_duration": 4.328852891921997, "cur.execution_duration": 0.04127594316378236, "ref.execution_duration": null}