{"build_url": "https://buildkite.com/plaidml/ci/builds/229#d51df71f-101d-41a1-9493-c89ccbf9ff93", "compare": true, "efficiency": 0.29127457775875165, "errors": ["Missing reference duration"], "failures": ["Correctness failure: 13.50847053527832, max_abs_error: 0.9990231394767761, fail rate: 1.0"], "ratio": null, "reason": "ERROR: Missing reference duration\nFAIL: Correctness failure: 13.50847053527832, max_abs_error: 0.9990231394767761, fail rate: 1.0", "status": "ERROR", "compile_duration": 2.4092459678649902, "cur.execution_duration": 0.07425653329119086, "ref.execution_duration": null}