{"build_url": "https://buildkite.com/plaidml/ci/builds/229#b0668513-6e64-4b1c-ad2b-54d3990a8533", "compare": true, "efficiency": 2.2835730085094705, "errors": ["Missing reference duration"], "failures": ["Correctness failure: 34.25550842285156, max_abs_error: 0.9589260816574097, fail rate: 0.993"], "ratio": null, "reason": "ERROR: Missing reference duration\nFAIL: Correctness failure: 34.25550842285156, max_abs_error: 0.9589260816574097, fail rate: 0.993", "status": "ERROR", "compile_duration": 5.648997068405151, "cur.execution_duration": 0.014108712784945965, "ref.execution_duration": null}