{"build_url": "https://buildkite.com/plaidml/ci/builds/229#8339dd96-03c3-481f-b78e-206777c7f6ff", "compare": true, "efficiency": 0.9784450426620368, "errors": ["Missing reference duration"], "failures": ["Correctness failure: 22.34978485107422, max_abs_error: 0.2630539834499359, fail rate: 0.995"], "ratio": null, "reason": "ERROR: Missing reference duration\nFAIL: Correctness failure: 22.34978485107422, max_abs_error: 0.2630539834499359, fail rate: 0.995", "status": "ERROR", "compile_duration": 13.460306882858276, "cur.execution_duration": 0.03932046261616051, "ref.execution_duration": null}