{"build_url": "https://buildkite.com/plaidml/ci/builds/229#2b76c6a8-1f8f-4ff0-b409-c172915343c8", "compare": true, "efficiency": 5.929026028760369, "errors": ["Missing reference duration"], "failures": [], "ratio": null, "reason": "ERROR: Missing reference duration", "status": "ERROR", "compile_duration": 4.759016990661621, "cur.execution_duration": 0.0373984151519835, "ref.execution_duration": null}