{"compile_duration": 4.759016990661621, "duration_per_example": 0.0373984151519835, "tile_duration_per_example": 1e-09, "examples": 1024, "batch_size": 1, "model": "imdb_lstm", "backend": "plaid", "correct": true, "max_error": 0.0, "max_abs_error": 0.0, "fail_ratio": 0.0}