{"build_url": "https://buildkite.com/plaidml/ci/builds/229#260a2265-c3f8-4326-a4d0-379b0b97ae51", "compare": true, "efficiency": 3.0578177873187675, "errors": ["Missing reference duration"], "failures": [], "ratio": null, "reason": "ERROR: Missing reference duration", "status": "ERROR", "compile_duration": 8.24079418182373, "cur.execution_duration": 0.010536362184211612, "ref.execution_duration": null}