{"build_url": "https://buildkite.com/plaidml/ci/builds/229#73ec9214-580b-47e6-99b5-57dc83e36e92", "compare": true, "efficiency": 1.165602417780681, "errors": ["Missing reference duration"], "failures": [], "ratio": null, "reason": "ERROR: Missing reference duration", "status": "ERROR", "compile_duration": 2.1128077507019043, "cur.execution_duration": 0.03452453715726733, "ref.execution_duration": null}