{"build_url": "https://buildkite.com/plaidml/ci/builds/229#c0388f50-4440-4ea7-8722-17f3205f8bfd", "compare": true, "efficiency": 1.25506349994191, "errors": ["Missing reference duration"], "failures": ["Correctness failure: 7.881457805633545, max_abs_error: 0.08700286597013474, fail rate: 0.995"], "ratio": null, "reason": "ERROR: Missing reference duration\nFAIL: Correctness failure: 7.881457805633545, max_abs_error: 0.08700286597013474, fail rate: 0.995", "status": "ERROR", "compile_duration": 11.94514513015747, "cur.execution_duration": 0.05573399318382144, "ref.execution_duration": null}