{"build_url": "https://buildkite.com/plaidml/ci/builds/229#050a80fa-b052-4347-b668-c2d3aafa29a8", "compare": true, "efficiency": 0.6598716280680728, "errors": ["Missing reference duration"], "failures": [], "ratio": null, "reason": "ERROR: Missing reference duration", "status": "ERROR", "compile_duration": 5.631072998046875, "cur.execution_duration": 0.03277764865197241, "ref.execution_duration": null}