{"build_url": "https://buildkite.com/plaidml/ci/builds/229#c9a03983-a383-4b24-82f0-998d54749364", "compare": true, "efficiency": 0.3392353305106879, "errors": ["Missing reference duration"], "failures": [], "ratio": null, "reason": "ERROR: Missing reference duration", "status": "ERROR", "compile_duration": 1.2748339176177979, "cur.execution_duration": 0.06375821866095066, "ref.execution_duration": null}