{"build_url": "https://buildkite.com/plaidml/ci/builds/229#b7fd3c04-14fa-4b11-9c78-41c52956af2c", "compare": true, "efficiency": 1.0166464680207767, "errors": ["Missing reference duration"], "failures": [], "ratio": null, "reason": "ERROR: Missing reference duration", "status": "ERROR", "compile_duration": 6.067752122879028, "cur.execution_duration": 0.037842960096895695, "ref.execution_duration": null}