{"build_url": "https://buildkite.com/plaidml/ci/builds/229#fc7260ef-986b-4e15-882f-11ddc6192db3", "compare": true, "efficiency": 1.747811536125095, "errors": ["Missing reference duration"], "failures": [], "ratio": null, "reason": "ERROR: Missing reference duration", "status": "ERROR", "compile_duration": 2.2798519134521484, "cur.execution_duration": 0.022012048168107867, "ref.execution_duration": null}