{"build_url": "https://buildkite.com/plaidml/ci/builds/229#70a6a438-261d-441b-a3a7-021858258040", "compare": true, "efficiency": 3.7641120682384526, "errors": ["Missing reference duration"], "failures": [], "ratio": null, "reason": "ERROR: Missing reference duration", "status": "ERROR", "compile_duration": 1.8349878787994385, "cur.execution_duration": 0.005939788185060024, "ref.execution_duration": null}