{"build_url": "https://buildkite.com/plaidml/ci/builds/229#8a8b1691-3d8a-4871-a9c4-8878e15267b7", "compare": true, "efficiency": 1.6036760426393897, "errors": ["Missing reference duration"], "failures": ["Correctness failure: nan, max_abs_error: nan, fail rate: 0.0"], "ratio": null, "reason": "ERROR: Missing reference duration\nFAIL: Correctness failure: nan, max_abs_error: nan, fail rate: 0.0", "status": "ERROR", "compile_duration": 4.8100621700286865, "cur.execution_duration": 0.02399045112542808, "ref.execution_duration": null}