{"compile_duration": 4.8100621700286865, "duration_per_example": 0.02399045112542808, "tile_duration_per_example": 1e-09, "examples": 1024, "batch_size": 1, "model": "xception", "backend": "plaid", "correct": false, "max_error": NaN, "max_abs_error": NaN, "fail_ratio": 0.0}