{"build_url": "https://buildkite.com/plaidml/ci/builds/229#199b2577-a261-4c41-8ed0-c8cb93faa3d0", "compare": true, "efficiency": 3.0040107514220784, "errors": ["Missing reference duration"], "failures": [], "ratio": null, "reason": "ERROR: Missing reference duration", "status": "ERROR", "compile_duration": 1.6638097763061523, "cur.execution_duration": 0.007442725822329521, "ref.execution_duration": null}