{"build_url": "https://buildkite.com/plaidml/ci/builds/229#4854c8be-26d6-457f-8a8c-d92943aae2f0", "compare": true, "efficiency": 6.820025636881708, "errors": ["Missing reference duration"], "failures": [], "ratio": null, "reason": "ERROR: Missing reference duration", "status": "ERROR", "compile_duration": 1.9032387733459473, "cur.execution_duration": 0.032512513687834144, "ref.execution_duration": null}