{"build_url": "https://buildkite.com/plaidml/ci/builds/229#0570bf3d-c9f7-472e-aabd-2206327ec903", "compare": true, "efficiency": null, "errors": [], "failures": ["'name'"], "ratio": null, "reason": "FAIL: 'name'", "status": "FAIL", "compile_duration": null, "cur.execution_duration": null, "ref.execution_duration": null}