{"build_url": "https://buildkite.com/plaidml/ci/builds/229#3f7c53ff-63c0-4e52-9685-a7b34f8e9d11", "compare": true, "efficiency": 0.7667356156603041, "errors": ["Missing reference duration"], "failures": [], "ratio": null, "reason": "ERROR: Missing reference duration", "status": "ERROR", "compile_duration": 3.003288745880127, "cur.execution_duration": 0.028209254844114184, "ref.execution_duration": null}