{"build_url": "https://buildkite.com/plaidml/ci/builds/229#2ec42d23-0555-4c60-9a13-135092c23bfa", "compare": true, "efficiency": 2.887334179119016, "errors": ["Missing reference duration"], "failures": [], "ratio": null, "reason": "ERROR: Missing reference duration", "status": "ERROR", "compile_duration": 2.0690009593963623, "cur.execution_duration": 0.011158485198393464, "ref.execution_duration": null}