{"build_url": "https://buildkite.com/plaidml/ci/builds/229#a9eb3005-262f-4cbc-8395-ed4380ed7f36", "compare": true, "efficiency": 2.516847315866713, "errors": ["Missing reference duration"], "failures": [], "ratio": null, "reason": "ERROR: Missing reference duration", "status": "ERROR", "compile_duration": 8.739720106124878, "cur.execution_duration": 0.01598900486715138, "ref.execution_duration": null}