{"build_url": "https://buildkite.com/plaidml/ci/builds/229#d5a3396c-41d2-46d0-a431-16b0834c5314", "compare": true, "efficiency": 0.9574582154536104, "errors": ["Missing reference duration"], "failures": ["Correctness failure: 23.235689163208008, max_abs_error: 0.2796604037284851, fail rate: 0.999"], "ratio": null, "reason": "ERROR: Missing reference duration\nFAIL: Correctness failure: 23.235689163208008, max_abs_error: 0.2796604037284851, fail rate: 0.999", "status": "ERROR", "compile_duration": 3.848101854324341, "cur.execution_duration": 0.04202991141937673, "ref.execution_duration": null}