{"build_url": "https://buildkite.com/plaidml/ci/builds/229#aa844fc5-8362-4546-a4ae-443f3ccf3e97", "compare": true, "efficiency": null, "errors": [], "failures": ["'name'"], "ratio": null, "reason": "FAIL: 'name'", "status": "FAIL", "compile_duration": null, "cur.execution_duration": null, "ref.execution_duration": null}